
> sepilot-desktop@0.6.20 build C:\git\sepilot_desktop
> next build --webpack && pnpm run build:electron

▲ Next.js 16.1.1 (webpack)
- Environments: .env.production, .env

  Creating an optimized production build ...
⚠ Compiled with warnings in 20.6s

./lib/extensions/loader.ts
Critical dependency: the request of a dependency is an expression

Import trace for requested module:
./lib/extensions/loader.ts
./lib/extensions/use-extensions.ts
./app/page.tsx

./lib/extensions/loader.ts
Critical dependency: the request of a dependency is an expression

Import trace for requested module:
./lib/extensions/loader.ts
./lib/extensions/use-extensions.ts
./app/page.tsx

  Running TypeScript ...
  Collecting page data using 27 workers ...
  Generating static pages using 27 workers (0/6) ...
  Generating static pages using 27 workers (1/6) 
  Generating static pages using 27 workers (2/6) 
  Generating static pages using 27 workers (4/6) 
✓ Generating static pages using 27 workers (6/6) in 1181.1ms
  Finalizing page optimization ...
  Collecting build traces ...

Route (app)
┌ ○ /
├ ○ /_not-found
├ ƒ /api/chat/stream
├ ○ /icon.png
└ ○ /quick-input


○  (Static)   prerendered as static content
ƒ  (Dynamic)  server-rendered on demand


> sepilot-desktop@0.6.20 build:electron C:\git\sepilot_desktop
> tsc -p electron/tsconfig.json

